// Jest Snapshot v1, https://goo.gl/fbAQLP

exports[`renders correctly 1`] = `
<View
  style={
    Object {
      "backgroundColor": "#CC0000",
      "flex": 1,
      "height": "100%",
    }
  }
>
  <View
    style={
      Object {
        "alignItems": "center",
        "backgroundColor": "#CC0000",
        "bottom": 0,
        "elevation": 4,
        "flexDirection": "row",
        "height": 56,
        "left": 0,
        "paddingHorizontal": 4,
        "right": 0,
        "shadowColor": "#000000",
        "shadowOffset": Object {
          "height": 3,
          "width": 0,
        },
        "shadowOpacity": 0.24,
        "shadowRadius": 4,
      }
    }
  />
  <RCTSafeAreaView
    emulateUnlessSupported={true}
    style={
      Object {
        "flex": 1,
      }
    }
  >
    <RCTScrollView
      style={
        Object {
          "flex": 1,
        }
      }
    >
      <View>
        <View
          style={
            Array [
              Object {
                "backgroundColor": "rgb(231, 231, 231)",
                "borderTopLeftRadius": 4,
                "borderTopRightRadius": 4,
              },
              Object {},
            ]
          }
        >
          <View
            style={
              Object {
                "backgroundColor": "rgba(0, 0, 0, 0.26)",
                "bottom": 0,
                "height": 2,
                "left": 0,
                "position": "absolute",
                "right": 0,
                "transform": Array [
                  Object {
                    "scaleY": 0.5,
                  },
                ],
              }
            }
          />
          <View
            style={
              Array [
                Object {
                  "paddingBottom": 0,
                  "paddingTop": 0,
                },
                Object {
                  "minHeight": 64,
                },
              ]
            }
          >
            <View
              pointerEvents="none"
              style={
                Object {
                  "bottom": 0,
                  "left": 0,
                  "opacity": 1,
                  "position": "absolute",
                  "right": 0,
                  "top": 0,
                  "transform": Array [
                    Object {
                      "translateX": 0,
                    },
                  ],
                }
              }
            >
              <Text
                numberOfLines={1}
                onLayout={[Function]}
                style={
                  Object {
                    "color": "#6200ee",
                    "fontFamily": "System",
                    "fontSize": 16,
                    "fontWeight": undefined,
                    "left": 0,
                    "opacity": 0,
                    "paddingLeft": 12,
                    "paddingRight": 12,
                    "position": "absolute",
                    "textAlign": "left",
                    "top": 34,
                    "transform": Array [
                      Object {
                        "translateX": 0,
                      },
                      Object {
                        "translateY": 0,
                      },
                      Object {
                        "scale": 1,
                      },
                    ],
                    "writingDirection": "ltr",
                  }
                }
              >
                Busca Tu pokemon
              </Text>
              <Text
                numberOfLines={1}
                style={
                  Object {
                    "color": "rgba(0, 0, 0, 0.54)",
                    "fontFamily": "System",
                    "fontSize": 16,
                    "fontWeight": undefined,
                    "left": 0,
                    "opacity": 0,
                    "paddingLeft": 12,
                    "paddingRight": 12,
                    "position": "absolute",
                    "textAlign": "left",
                    "top": 34,
                    "transform": Array [
                      Object {
                        "translateX": 0,
                      },
                      Object {
                        "translateY": 0,
                      },
                      Object {
                        "scale": 1,
                      },
                    ],
                    "writingDirection": "ltr",
                  }
                }
              >
                Busca Tu pokemon
              </Text>
            </View>
            <TextInput
              allowFontScaling={true}
              editable={true}
              multiline={false}
              onBlur={[Function]}
              onChangeText={[Function]}
              onFocus={[Function]}
              placeholder=""
              placeholderTextColor="rgba(0, 0, 0, 0.54)"
              rejectResponderTermination={true}
              selectionColor="#6200ee"
              style={
                Array [
                  Object {
                    "flexGrow": 1,
                    "margin": 0,
                    "zIndex": 1,
                  },
                  Object {
                    "paddingLeft": 12,
                    "paddingRight": 12,
                  },
                  Object {
                    "height": 64,
                  },
                  Object {
                    "paddingBottom": 4,
                    "paddingTop": 24,
                  },
                  Object {
                    "color": "#000000",
                    "fontFamily": "System",
                    "fontSize": 16,
                    "fontWeight": undefined,
                    "textAlign": "left",
                    "textAlignVertical": "center",
                  },
                  Array [
                    Object {},
                  ],
                ]
              }
              underlineColorAndroid="transparent"
              value=""
            />
          </View>
        </View>
        <View
          style={
            Object {
              "backgroundColor": "#3B4CCA",
              "borderColor": "white",
              "borderRadius": 9,
              "borderStyle": "solid",
              "borderWidth": 1,
              "elevation": 12,
              "marginTop": 10,
              "minWidth": 64,
              "shadowColor": "#000",
              "shadowOffset": Object {
                "height": 6,
                "width": 0,
              },
              "shadowOpacity": 0.37,
              "shadowRadius": 7.49,
            }
          }
        >
          <View
            accessibilityRole="button"
            accessibilityState={
              Object {
                "disabled": undefined,
              }
            }
            accessible={true}
            focusable={true}
            onClick={[Function]}
            onResponderGrant={[Function]}
            onResponderMove={[Function]}
            onResponderRelease={[Function]}
            onResponderTerminate={[Function]}
            onResponderTerminationRequest={[Function]}
            onStartShouldSetResponder={[Function]}
            style={
              Array [
                Object {
                  "overflow": "hidden",
                },
                Object {
                  "borderRadius": 9,
                },
              ]
            }
          >
            <View
              style={
                Array [
                  Object {
                    "alignItems": "center",
                    "flexDirection": "row",
                    "justifyContent": "center",
                  },
                  undefined,
                ]
              }
            >
              <Text
                numberOfLines={1}
                selectable={false}
                style={
                  Array [
                    Object {
                      "color": "#000000",
                      "fontFamily": "System",
                      "fontWeight": "400",
                    },
                    Object {
                      "textAlign": "left",
                    },
                    Array [
                      Object {
                        "letterSpacing": 1,
                        "marginHorizontal": 16,
                        "marginVertical": 9,
                        "textAlign": "center",
                      },
                      undefined,
                      Object {
                        "textTransform": "uppercase",
                      },
                      Object {
                        "color": "#ffffff",
                        "fontFamily": "System",
                        "fontWeight": "500",
                      },
                      Object {
                        "fontFamily": "System",
                        "fontWeight": "500",
                      },
                      undefined,
                    ],
                  ]
                }
              >
                <Text>
                  Buscar
                </Text>
              </Text>
            </View>
          </View>
        </View>
        <View>
          <View>
            <View
              style={
                Object {
                  "alignContent": "center",
                  "alignItems": "center",
                  "paddingBottom": 20,
                  "paddingTop": 20,
                }
              }
            >
              <Text
                style={
                  Array [
                    Object {
                      "color": "#000000",
                      "fontFamily": "System",
                      "fontWeight": "400",
                    },
                    Object {
                      "textAlign": "left",
                    },
                    Array [
                      Object {
                        "textAlign": "left",
                      },
                      Object {
                        "color": "rgba(0, 0, 0, 0.87)",
                        "fontFamily": "System",
                        "fontWeight": "500",
                        "writingDirection": "ltr",
                      },
                      Array [
                        Object {
                          "fontSize": 20,
                          "letterSpacing": 0.15,
                          "lineHeight": 30,
                          "marginVertical": 2,
                        },
                        Object {
                          "color": "#FAFAFA",
                          "fontFamily": "Lato-Black",
                          "fontSize": 32,
                        },
                      ],
                    ],
                  ]
                }
              />
              <View
                style={
                  Object {
                    "borderColor": "#777",
                    "borderRadius": 6,
                    "borderWidth": 4,
                    "paddingLeft": 4,
                    "paddingRight": 4,
                  }
                }
              >
                <Text
                  style={
                    Array [
                      Object {
                        "color": "#000000",
                        "fontFamily": "System",
                        "fontWeight": "400",
                      },
                      Object {
                        "textAlign": "left",
                      },
                      Array [
                        Object {
                          "textAlign": "left",
                        },
                        Object {
                          "color": "rgba(0, 0, 0, 0.87)",
                          "fontFamily": "System",
                          "fontWeight": "400",
                          "writingDirection": "ltr",
                        },
                        Array [
                          Object {
                            "fontSize": 16,
                            "letterSpacing": 0.5,
                            "lineHeight": 24,
                            "marginVertical": 2,
                          },
                          Array [
                            Object {
                              "color": "#777",
                              "fontFamily": "Lato-Blod",
                              "fontSize": 20,
                            },
                          ],
                        ],
                      ],
                    ]
                  }
                />
              </View>
            </View>
            <View
              style={
                Object {
                  "backgroundColor": "#777",
                  "borderColor": "#DEE4E6",
                  "borderRadius": 2,
                  "borderWidth": 20,
                }
              }
            >
              <Image
                source={
                  Object {
                    "uri": null,
                  }
                }
                style={
                  Object {
                    "height": 250,
                    "width": "100%",
                  }
                }
              />
            </View>
            <View
              style={
                Object {
                  "backgroundColor": "#CC0000",
                  "flexDirection": "row",
                  "paddingBottom": 10,
                  "paddingLeft": 4,
                  "paddingRight": 4,
                  "paddingTop": 10,
                }
              }
            >
              <View
                style={
                  Object {
                    "alignContent": "center",
                    "backgroundColor": "#3B4CCA",
                    "borderColor": "white",
                    "borderRadius": 9,
                    "borderStyle": "solid",
                    "borderWidth": 1,
                    "elevation": 12,
                    "flexDirection": "row",
                    "justifyContent": "center",
                    "marginLeft": 10,
                    "shadowColor": "#000",
                    "shadowOffset": Object {
                      "height": 6,
                      "width": 0,
                    },
                    "shadowOpacity": 0.37,
                    "shadowRadius": 7.49,
                    "width": "45%",
                  }
                }
              >
                <View
                  accessibilityRole="button"
                  accessibilityState={
                    Object {
                      "disabled": false,
                      "selected": false,
                    }
                  }
                  accessible={true}
                  focusable={true}
                  onClick={[Function]}
                  onResponderGrant={[Function]}
                  onResponderMove={[Function]}
                  onResponderRelease={[Function]}
                  onResponderTerminate={[Function]}
                  onResponderTerminationRequest={[Function]}
                  onStartShouldSetResponder={[Function]}
                  style={
                    Array [
                      Object {
                        "overflow": "hidden",
                      },
                      Object {
                        "borderRadius": 9,
                      },
                    ]
                  }
                >
                  <View
                    style={
                      Array [
                        Object {
                          "alignItems": "center",
                          "flexDirection": "row",
                          "paddingLeft": 4,
                          "position": "relative",
                        },
                        Object {
                          "paddingRight": 4,
                        },
                      ]
                    }
                  >
                    <Text
                      numberOfLines={1}
                      selectable={false}
                      style={
                        Array [
                          Object {
                            "color": "#000000",
                            "fontFamily": "System",
                            "fontWeight": "400",
                          },
                          Object {
                            "textAlign": "left",
                          },
                          Array [
                            Object {
                              "lineHeight": 24,
                              "marginVertical": 4,
                              "minHeight": 24,
                              "textAlignVertical": "center",
                            },
                            Object {
                              "color": "rgba(0, 0, 0, 0.87)",
                              "fontFamily": "System",
                              "fontWeight": "400",
                              "marginLeft": 8,
                              "marginRight": 8,
                            },
                            undefined,
                          ],
                        ]
                      }
                    >
                      <Text
                        style={
                          Array [
                            Object {
                              "color": "#000000",
                              "fontFamily": "System",
                              "fontWeight": "400",
                            },
                            Object {
                              "textAlign": "left",
                            },
                            Object {
                              "color": "white",
                              "fontFamily": "Lato-Blod",
                            },
                          ]
                        }
                      >
                        Información
                      </Text>
                    </Text>
                  </View>
                </View>
              </View>
              <View
                style={
                  Object {
                    "alignContent": "center",
                    "backgroundColor": "#3B4CCA",
                    "borderColor": "white",
                    "borderRadius": 9,
                    "borderStyle": "solid",
                    "borderWidth": 1,
                    "elevation": 12,
                    "flexDirection": "row",
                    "justifyContent": "center",
                    "marginLeft": 10,
                    "shadowColor": "#000",
                    "shadowOffset": Object {
                      "height": 6,
                      "width": 0,
                    },
                    "shadowOpacity": 0.37,
                    "shadowRadius": 7.49,
                    "width": "45%",
                  }
                }
              >
                <View
                  accessibilityRole="button"
                  accessibilityState={
                    Object {
                      "disabled": false,
                      "selected": false,
                    }
                  }
                  accessible={true}
                  focusable={true}
                  onClick={[Function]}
                  onResponderGrant={[Function]}
                  onResponderMove={[Function]}
                  onResponderRelease={[Function]}
                  onResponderTerminate={[Function]}
                  onResponderTerminationRequest={[Function]}
                  onStartShouldSetResponder={[Function]}
                  style={
                    Array [
                      Object {
                        "overflow": "hidden",
                      },
                      Object {
                        "borderRadius": 9,
                      },
                    ]
                  }
                >
                  <View
                    style={
                      Array [
                        Object {
                          "alignItems": "center",
                          "flexDirection": "row",
                          "paddingLeft": 4,
                          "position": "relative",
                        },
                        Object {
                          "paddingRight": 4,
                        },
                      ]
                    }
                  >
                    <Text
                      numberOfLines={1}
                      selectable={false}
                      style={
                        Array [
                          Object {
                            "color": "#000000",
                            "fontFamily": "System",
                            "fontWeight": "400",
                          },
                          Object {
                            "textAlign": "left",
                          },
                          Array [
                            Object {
                              "lineHeight": 24,
                              "marginVertical": 4,
                              "minHeight": 24,
                              "textAlignVertical": "center",
                            },
                            Object {
                              "color": "rgba(0, 0, 0, 0.87)",
                              "fontFamily": "System",
                              "fontWeight": "400",
                              "marginLeft": 8,
                              "marginRight": 8,
                            },
                            undefined,
                          ],
                        ]
                      }
                    >
                      <Text
                        style={
                          Array [
                            Object {
                              "color": "#000000",
                              "fontFamily": "System",
                              "fontWeight": "400",
                            },
                            Object {
                              "textAlign": "left",
                            },
                            Object {
                              "color": "white",
                              "fontFamily": "Lato-Blod",
                            },
                          ]
                        }
                      >
                        Estadísticas
                      </Text>
                    </Text>
                  </View>
                </View>
              </View>
            </View>
            <View
              style={
                Object {
                  "alignSelf": "center",
                  "backgroundColor": "rgba(242, 234, 234, 0.8)",
                  "marginBottom": 10,
                  "marginTop": 10,
                  "padding": 20,
                  "width": "90%",
                }
              }
            >
              <Text
                style={
                  Array [
                    Object {
                      "color": "#000000",
                      "fontFamily": "System",
                      "fontWeight": "400",
                    },
                    Object {
                      "textAlign": "left",
                    },
                    Object {
                      "fontFamily": "Lato-Regular",
                      "fontSize": 20,
                    },
                  ]
                }
              />
            </View>
          </View>
        </View>
      </View>
    </RCTScrollView>
  </RCTSafeAreaView>
</View>
`;
